Archive member included to satisfy reference by file (symbol)

/opt/xpack-riscv-none-elf-gcc-13.3.0-2/bin/../lib/gcc/riscv-none-elf/13.3.0/rv32ia/ilp32/libgcc.a(muldf3.o)
                              ./src/bsp/hbird-e200/stubs/printf.o (__muldf3)
/opt/xpack-riscv-none-elf-gcc-13.3.0-2/bin/../lib/gcc/riscv-none-elf/13.3.0/rv32ia/ilp32/libgcc.a(fixunsdfsi.o)
                              ./src/bsp/hbird-e200/stubs/printf.o (__fixunsdfsi)
/opt/xpack-riscv-none-elf-gcc-13.3.0-2/bin/../lib/gcc/riscv-none-elf/13.3.0/rv32ia/ilp32/libgcc.a(muldi3.o)
                              /opt/xpack-riscv-none-elf-gcc-13.3.0-2/bin/../lib/gcc/riscv-none-elf/13.3.0/rv32ia/ilp32/libgcc.a(muldf3.o) (__mulsi3)
/opt/xpack-riscv-none-elf-gcc-13.3.0-2/bin/../lib/gcc/riscv-none-elf/13.3.0/rv32ia/ilp32/libgcc.a(_clzsi2.o)
                              /opt/xpack-riscv-none-elf-gcc-13.3.0-2/bin/../lib/gcc/riscv-none-elf/13.3.0/rv32ia/ilp32/libgcc.a(muldf3.o) (__clzsi2)
/opt/xpack-riscv-none-elf-gcc-13.3.0-2/bin/../lib/gcc/riscv-none-elf/13.3.0/rv32ia/ilp32/libgcc.a(_clz.o)
                              /opt/xpack-riscv-none-elf-gcc-13.3.0-2/bin/../lib/gcc/riscv-none-elf/13.3.0/rv32ia/ilp32/libgcc.a(_clzsi2.o) (__clz_tab)
/opt/xpack-riscv-none-elf-gcc-13.3.0-2/bin/../lib/gcc/riscv-none-elf/13.3.0/../../../../riscv-none-elf/lib/rv32ia/ilp32/libg_nano.a(libc_a-atexit.o)
                              ./src/bsp/hbird-e200/env/start.o (atexit)
/opt/xpack-riscv-none-elf-gcc-13.3.0-2/bin/../lib/gcc/riscv-none-elf/13.3.0/../../../../riscv-none-elf/lib/rv32ia/ilp32/libg_nano.a(libc_a-exit.o)
                              ./src/bsp/hbird-e200/env/start.o (exit)
/opt/xpack-riscv-none-elf-gcc-13.3.0-2/bin/../lib/gcc/riscv-none-elf/13.3.0/../../../../riscv-none-elf/lib/rv32ia/ilp32/libg_nano.a(libc_a-findfp.o)
                              /opt/xpack-riscv-none-elf-gcc-13.3.0-2/bin/../lib/gcc/riscv-none-elf/13.3.0/../../../../riscv-none-elf/lib/rv32ia/ilp32/libg_nano.a(libc_a-exit.o) (__stdio_exit_handler)
/opt/xpack-riscv-none-elf-gcc-13.3.0-2/bin/../lib/gcc/riscv-none-elf/13.3.0/../../../../riscv-none-elf/lib/rv32ia/ilp32/libg_nano.a(libc_a-fwalk.o)
                              /opt/xpack-riscv-none-elf-gcc-13.3.0-2/bin/../lib/gcc/riscv-none-elf/13.3.0/../../../../riscv-none-elf/lib/rv32ia/ilp32/libg_nano.a(libc_a-findfp.o) (_fwalk_sglue)
/opt/xpack-riscv-none-elf-gcc-13.3.0-2/bin/../lib/gcc/riscv-none-elf/13.3.0/../../../../riscv-none-elf/lib/rv32ia/ilp32/libg_nano.a(libc_a-printf.o)
                              ./src/bsp/hbird-e200/env/init.o (printf)
/opt/xpack-riscv-none-elf-gcc-13.3.0-2/bin/../lib/gcc/riscv-none-elf/13.3.0/../../../../riscv-none-elf/lib/rv32ia/ilp32/libg_nano.a(libc_a-puts.o)
                              ./src/main.o (puts)
/opt/xpack-riscv-none-elf-gcc-13.3.0-2/bin/../lib/gcc/riscv-none-elf/13.3.0/../../../../riscv-none-elf/lib/rv32ia/ilp32/libg_nano.a(libc_a-stdio.o)
                              /opt/xpack-riscv-none-elf-gcc-13.3.0-2/bin/../lib/gcc/riscv-none-elf/13.3.0/../../../../riscv-none-elf/lib/rv32ia/ilp32/libg_nano.a(libc_a-findfp.o) (__sread)
/opt/xpack-riscv-none-elf-gcc-13.3.0-2/bin/../lib/gcc/riscv-none-elf/13.3.0/../../../../riscv-none-elf/lib/rv32ia/ilp32/libg_nano.a(libc_a-wbuf.o)
                              /opt/xpack-riscv-none-elf-gcc-13.3.0-2/bin/../lib/gcc/riscv-none-elf/13.3.0/../../../../riscv-none-elf/lib/rv32ia/ilp32/libg_nano.a(libc_a-puts.o) (__swbuf_r)
/opt/xpack-riscv-none-elf-gcc-13.3.0-2/bin/../lib/gcc/riscv-none-elf/13.3.0/../../../../riscv-none-elf/lib/rv32ia/ilp32/libg_nano.a(libc_a-wsetup.o)
                              /opt/xpack-riscv-none-elf-gcc-13.3.0-2/bin/../lib/gcc/riscv-none-elf/13.3.0/../../../../riscv-none-elf/lib/rv32ia/ilp32/libg_nano.a(libc_a-puts.o) (__swsetup_r)
/opt/xpack-riscv-none-elf-gcc-13.3.0-2/bin/../lib/gcc/riscv-none-elf/13.3.0/../../../../riscv-none-elf/lib/rv32ia/ilp32/libg_nano.a(libc_a-strnlen.o)
                              ./src/bsp/hbird-e200/stubs/printf.o (strnlen)
/opt/xpack-riscv-none-elf-gcc-13.3.0-2/bin/../lib/gcc/riscv-none-elf/13.3.0/../../../../riscv-none-elf/lib/rv32ia/ilp32/libg_nano.a(libc_a-closer.o)
                              /opt/xpack-riscv-none-elf-gcc-13.3.0-2/bin/../lib/gcc/riscv-none-elf/13.3.0/../../../../riscv-none-elf/lib/rv32ia/ilp32/libg_nano.a(libc_a-stdio.o) (_close_r)
/opt/xpack-riscv-none-elf-gcc-13.3.0-2/bin/../lib/gcc/riscv-none-elf/13.3.0/../../../../riscv-none-elf/lib/rv32ia/ilp32/libg_nano.a(libc_a-reent.o)
                              /opt/xpack-riscv-none-elf-gcc-13.3.0-2/bin/../lib/gcc/riscv-none-elf/13.3.0/../../../../riscv-none-elf/lib/rv32ia/ilp32/libg_nano.a(libc_a-closer.o) (errno)
/opt/xpack-riscv-none-elf-gcc-13.3.0-2/bin/../lib/gcc/riscv-none-elf/13.3.0/../../../../riscv-none-elf/lib/rv32ia/ilp32/libg_nano.a(libc_a-impure.o)
[...]
Memory Configuration

Name             Origin             Length             Attributes
itcm             0x80000000         0x00004000         axrl!w
ram              0x90000000         0x00004000         axw!rl
*default*        0x00000000         0xffffffff

Linker script and memory map

LOAD ./src/bsp/hbird-e200/stubs/_exit.o
LOAD ./src/bsp/hbird-e200/stubs/close.o
LOAD ./src/bsp/hbird-e200/stubs/fstat.o
LOAD ./src/bsp/hbird-e200/stubs/isatty.o
LOAD ./src/bsp/hbird-e200/stubs/lseek.o
LOAD ./src/bsp/hbird-e200/stubs/malloc.o
LOAD ./src/bsp/hbird-e200/stubs/printf.o
LOAD ./src/bsp/hbird-e200/stubs/read.o
LOAD ./src/bsp/hbird-e200/stubs/sbrk.o
LOAD ./src/bsp/hbird-e200/stubs/write.o
LOAD ./src/bsp/hbird-e200/stubs/write_hex.o
LOAD ./src/bsp/hbird-e200/env/entry.o
LOAD ./src/bsp/hbird-e200/env/init.o
LOAD ./src/bsp/hbird-e200/env/start.o
LOAD ./src/bsp/hbird-e200/drivers/plic/plic_driver.o
LOAD ./src/bsp/hbird-e200/drivers/hclkgen/hclkgen_driver.o
LOAD ./src/main.o
LOAD /opt/xpack-riscv-none-elf-gcc-13.3.0-2/bin/../lib/gcc/riscv-none-elf/13.3.0/rv32ia/ilp32/libgcc.a
LOAD /opt/xpack-riscv-none-elf-gcc-13.3.0-2/bin/../lib/gcc/riscv-none-elf/13.3.0/../../../../riscv-none-elf/lib/rv32ia/ilp32/libg_nano.a
LOAD /opt/xpack-riscv-none-elf-gcc-13.3.0-2/bin/../lib/gcc/riscv-none-elf/13.3.0/../../../../riscv-none-elf/lib/rv32ia/ilp32/libc_nano.a
LOAD /opt/xpack-riscv-none-elf-gcc-13.3.0-2/bin/../lib/gcc/riscv-none-elf/13.3.0/rv32ia/ilp32/libgcc.a
START GROUP
LOAD /opt/xpack-riscv-none-elf-gcc-13.3.0-2/bin/../lib/gcc/riscv-none-elf/13.3.0/rv32ia/ilp32/libgcc.a
LOAD /opt/xpack-riscv-none-elf-gcc-13.3.0-2/bin/../lib/gcc/riscv-none-elf/13.3.0/../../../../riscv-none-elf/lib/rv32ia/ilp32/libc_nano.a
LOAD /opt/xpack-riscv-none-elf-gcc-13.3.0-2/bin/../lib/gcc/riscv-none-elf/13.3.0/../../../../riscv-none-elf/lib/rv32ia/ilp32/libgloss_nano.a
END GROUP
                0x00000800                        __stack_size = DEFINED (__stack_size)?__stack_size:0x800

.init           0x80000000       0xc0
 *(SORT_NONE(.init))
 .init          0x80000000       0xc0 ./src/bsp/hbird-e200/env/start.o
                0x80000000                _start

.ilalign        0x800000c0        0x0
                0x800000c0                        . = ALIGN (0x4)
                0x800000c0                        PROVIDE (_itcm_lma = .)

.ialign         0x800000c0        0x0
                0x800000c0                        PROVIDE (_itcm = .)

.text           0x800000c0     0x24d4
 *(.text.unlikely .text.unlikely.*)
 *(.text.startup .text.startup.*)
 .text.startup.main
                0x800000c0       0x74 ./src/main.o
                0x800000c0                main
 *(.text .text.*)
 .text._exit    0x80000134       0x94 ./src/bsp/hbird-e200/stubs/_exit.o
                0x80000134                _exit
 .text._close   0x800001c8        0x8 ./src/bsp/hbird-e200/stubs/close.o
                0x800001c8                _close
 .text._fstat   0x800001d0       0x3c ./src/bsp/hbird-e200/stubs/fstat.o
                0x800001d0                _fstat
 .text._isatty  0x8000020c        0xc ./src/bsp/hbird-e200/stubs/isatty.o
                0x8000020c                _isatty
 .text._lseek   0x80000218       0x20 ./src/bsp/hbird-e200/stubs/lseek.o
                0x80000218                _lseek
 .text._read    0x80000238        0x8 ./src/bsp/hbird-e200/stubs/read.o
                0x80000238                _read
 .text._sbrk    0x80000240       0x38 ./src/bsp/hbird-e200/stubs/sbrk.o
                0x80000240                _sbrk
 .text._write   0x80000278       0x88 ./src/bsp/hbird-e200/stubs/write.o
                0x80000278                _write
 .text.write_hex
                0x80000300       0xd4 ./src/bsp/hbird-e200/stubs/write_hex.o
                0x80000300                write_hex
 .text.entry    0x800003d4       0xa0 ./src/bsp/hbird-e200/env/entry.o
                0x800003d4                trap_entry
 .text.measure_cpu_freq
                0x80000474       0x50 ./src/bsp/hbird-e200/env/init.o
 .text.handle_m_ext_interrupt
                0x800004c4        0x4 ./src/bsp/hbird-e200/env/init.o
                0x800004c4                handle_m_ext_interrupt
 .text.handle_m_time_interrupt
                0x800004c8        0x4 ./src/bsp/hbird-e200/env/init.o
                0x800004c8                handle_m_time_interrupt
 .text.handle_trap
                0x800004cc       0x88 ./src/bsp/hbird-e200/env/init.o
                0x800004cc                handle_trap
 .text._init    0x80000554       0xb4 ./src/bsp/hbird-e200/env/init.o
                0x80000554                _init
 .text._fini    0x80000608        0x4 ./src/bsp/hbird-e200/env/init.o
                0x80000608                _fini
 .text.atexit   0x8000060c       0x14 /opt/xpack-riscv-none-elf-gcc-13.3.0-2/bin/../lib/gcc/riscv-none-elf/13.3.0/../../../../riscv-none-elf/lib/rv32ia/ilp32/libg_nano.a(libc_a-atexit.o)
                0x8000060c                atexit
 .text.exit     0x80000620       0x38 /opt/xpack-riscv-none-elf-gcc-13.3.0-2/bin/../lib/gcc/riscv-none-elf/13.3.0/../../../../riscv-none-elf/lib/rv32ia/ilp32/libg_nano.a(libc_a-exit.o)
                0x80000620                exit
 .text.std      0x80000658       0xbc /opt/xpack-riscv-none-elf-gcc-13.3.0-2/bin/../lib/gcc/riscv-none-elf/13.3.0/../../../../riscv-none-elf/lib/rv32ia/ilp32/libg_nano.a(libc_a-findfp.o)
 .text.stdio_exit_handler
                0x80000714       0x1c /opt/xpack-riscv-none-elf-gcc-13.3.0-2/bin/../lib/gcc/riscv-none-elf/13.3.0/../../../../riscv-none-elf/lib/rv32ia/ilp32/libg_nano.a(libc_a-findfp.o)
 .text.cleanup_stdio
                0x80000730       0x6c /opt/xpack-riscv-none-elf-gcc-13.3.0-2/bin/../lib/gcc/riscv-none-elf/13.3.0/../../../../riscv-none-elf/lib/rv32ia/ilp32/libg_nano.a(libc_a-findfp.o)
 .text.global_stdio_init.part.0
                0x8000079c       0x54 /opt/xpack-riscv-none-elf-gcc-13.3.0-2/bin/../lib/gcc/riscv-none-elf/13.3.0/../../../../riscv-none-elf/lib/rv32ia/ilp32/libg_nano.a(libc_a-findfp.o)
 .text.__sfp_lock_acquire
                0x800007f0        0x8 /opt/xpack-riscv-none-elf-gcc-13.3.0-2/bin/../lib/gcc/riscv-none-elf/13.3.0/../../../../riscv-none-elf/lib/rv32ia/ilp32/libg_nano.a(libc_a-findfp.o)
                0x800007f0                __sfp_lock_acquire
 .text.__sfp_lock_release
                0x800007f8        0x8 /opt/xpack-riscv-none-elf-gcc-13.3.0-2/bin/../lib/gcc/riscv-none-elf/13.3.0/../../../../riscv-none-elf/lib/rv32ia/ilp32/libg_nano.a(libc_a-findfp.o)
                0x800007f8                __sfp_lock_release
 .text.__sinit  0x80000800       0x48 /opt/xpack-riscv-none-elf-gcc-13.3.0-2/bin/../lib/gcc/riscv-none-elf/13.3.0/../../../../riscv-none-elf/lib/rv32ia/ilp32/libg_nano.a(libc_a-findfp.o)
                0x80000800                __sinit
 .text._fwalk_sglue
                0x80000848       0xb0 /opt/xpack-riscv-none-elf-gcc-13.3.0-2/bin/../lib/gcc/riscv-none-elf/13.3.0/../../../../riscv-none-elf/lib/rv32ia/ilp32/libg_nano.a(libc_a-fwalk.o)
                0x80000848                _fwalk_sglue
 .text.printf   0x800008f8       0x50 /opt/xpack-riscv-none-elf-gcc-13.3.0-2/bin/../lib/gcc/riscv-none-elf/13.3.0/../../../../riscv-none-elf/lib/rv32ia/ilp32/libg_nano.a(libc_a-printf.o)
                0x800008f8                printf
                0x800008f8                iprintf
 .text._puts_r  0x80000948      0x158 /opt/xpack-riscv-none-elf-gcc-13.3.0-2/bin/../lib/gcc/riscv-none-elf/13.3.0/../../../../riscv-none-elf/lib/rv32ia/ilp32/libg_nano.a(libc_a-puts.o)
                0x80000948                _puts_r
 .text.puts     0x80000aa0       0x10 /opt/xpack-riscv-none-elf-gcc-13.3.0-2/bin/../lib/gcc/riscv-none-elf/13.3.0/../../../../riscv-none-elf/lib/rv32ia/ilp32/libg_nano.a(libc_a-puts.o)
                0x80000aa0                puts
 .text.__sread  0x80000ab0       0x50 /opt/xpack-riscv-none-elf-gcc-13.3.0-2/bin/../lib/gcc/riscv-none-elf/13.3.0/../../../../riscv-none-elf/lib/rv32ia/ilp32/libg_nano.a(libc_a-stdio.o)
                0x80000ab0                __sread
 .text.__swrite
                0x80000b00       0x84 /opt/xpack-riscv-none-elf-gcc-13.3.0-2/bin/../lib/gcc/riscv-none-elf/13.3.0/../../../../riscv-none-elf/lib/rv32ia/ilp32/libg_nano.a(libc_a-stdio.o)
                0x80000b00                __swrite
 .text.__sseek  0x80000b84       0x58 /opt/xpack-riscv-none-elf-gcc-13.3.0-2/bin/../lib/gcc/riscv-none-elf/13.3.0/../../../../riscv-none-elf/lib/rv32ia/ilp32/libg_nano.a(libc_a-stdio.o)
                0x80000b84                __sseek
 .text.__sclose
                0x80000bdc        0x8 /opt/xpack-riscv-none-elf-gcc-13.3.0-2/bin/../lib/gcc/riscv-none-elf/13.3.0/../../../../riscv-none-elf/lib/rv32ia/ilp32/libg_nano.a(libc_a-stdio.o)
                0x80000bdc                __sclose
 .text.__swbuf_r
                0x80000be4      0x100 /opt/xpack-riscv-none-elf-gcc-13.3.0-2/bin/../lib/gcc/riscv-none-elf/13.3.0/../../../../riscv-none-elf/lib/rv32ia/ilp32/libg_nano.a(libc_a-wbuf.o)
                0x80000be4                __swbuf_r
 .text.__swsetup_r
                0x80000ce4      0x124 /opt/xpack-riscv-none-elf-gcc-13.3.0-2/bin/../lib/gcc/riscv-none-elf/13.3.0/../../../../riscv-none-elf/lib/rv32ia/ilp32/libg_nano.a(libc_a-wsetup.o)
                0x80000ce4                __swsetup_r
 .text._close_r
                0x80000e08       0x40 /opt/xpack-riscv-none-elf-gcc-13.3.0-2/bin/../lib/gcc/riscv-none-elf/13.3.0/../../../../riscv-none-elf/lib/rv32ia/ilp32/libg_nano.a(libc_a-closer.o)
                0x80000e08                _close_r
 .text._lseek_r
                0x80000e48       0x48 /opt/xpack-riscv-none-elf-gcc-13.3.0-2/bin/../lib/gcc/riscv-none-elf/13.3.0/../../../../riscv-none-elf/lib/rv32ia/ilp32/libg_nano.a(libc_a-lseekr.o)
                0x80000e48                _lseek_r
 .text._read_r  0x80000e90       0x48 /opt/xpack-riscv-none-elf-gcc-13.3.0-2/bin/../lib/gcc/riscv-none-elf/13.3.0/../../../../riscv-none-elf/lib/rv32ia/ilp32/libg_nano.a(libc_a-readr.o)
                0x80000e90                _read_r
 .text._write_r
                0x80000ed8       0x48 /opt/xpack-riscv-none-elf-gcc-13.3.0-2/bin/../lib/gcc/riscv-none-elf/13.3.0/../../../../riscv-none-elf/lib/rv32ia/ilp32/libg_nano.a(libc_a-writer.o)
                0x80000ed8                _write_r
 .text.__libc_init_array
                0x80000f20       0x94 /opt/xpack-riscv-none-elf-gcc-13.3.0-2/bin/../lib/gcc/riscv-none-elf/13.3.0/../../../../riscv-none-elf/lib/rv32ia/ilp32/libg_nano.a(libc_a-init.o)
                0x80000f20                __libc_init_array
 .text.__libc_fini_array
                0x80000fb4       0x58 /opt/xpack-riscv-none-elf-gcc-13.3.0-2/bin/../lib/gcc/riscv-none-elf/13.3.0/../../../../riscv-none-elf/lib/rv32ia/ilp32/libg_nano.a(libc_a-fini.o)
                0x80000fb4                __libc_fini_array
 .text.__retarget_lock_init_recursive
                0x8000100c        0x4 /opt/xpack-riscv-none-elf-gcc-13.3.0-2/bin/../lib/gcc/riscv-none-elf/13.3.0/../../../../riscv-none-elf/lib/rv32ia/ilp32/libg_nano.a(libc_a-lock.o)
                0x8000100c                __retarget_lock_init_recursive
 .text.__retarget_lock_acquire_recursive
                0x80001010        0x4 /opt/xpack-riscv-none-elf-gcc-13.3.0-2/bin/../lib/gcc/riscv-none-elf/13.3.0/../../../../riscv-none-elf/lib/rv32ia/ilp32/libg_nano.a(libc_a-lock.o)
                0x80001010                __retarget_lock_acquire_recursive
 .text.__retarget_lock_release_recursive
                0x80001014        0x4 /opt/xpack-riscv-none-elf-gcc-13.3.0-2/bin/../lib/gcc/riscv-none-elf/13.3.0/../../../../riscv-none-elf/lib/rv32ia/ilp32/libg_nano.a(libc_a-lock.o)
                0x80001014                __retarget_lock_release_recursive
 .text.isatty   0x80001018        0x4 /opt/xpack-riscv-none-elf-gcc-13.3.0-2/bin/../lib/gcc/riscv-none-elf/13.3.0/../../../../riscv-none-elf/lib/rv32ia/ilp32/libg_nano.a(libc_a-sysisatty.o)
                0x80001018                isatty
 .text.write    0x8000101c       0x18 /opt/xpack-riscv-none-elf-gcc-13.3.0-2/bin/../lib/gcc/riscv-none-elf/13.3.0/../../../../riscv-none-elf/lib/rv32ia/ilp32/libg_nano.a(libc_a-syswrite.o)
                0x8000101c                write
 .text          0x80001034       0x1c /opt/xpack-riscv-none-elf-gcc-13.3.0-2/bin/../lib/gcc/riscv-none-elf/13.3.0/../../../../riscv-none-elf/lib/rv32ia/ilp32/libg_nano.a(libc_a-memset.o)
                0x80001034                memset
 .text.__register_exitproc
                0x80001050       0xfc /opt/xpack-riscv-none-elf-gcc-13.3.0-2/bin/../lib/gcc/riscv-none-elf/13.3.0/../../../../riscv-none-elf/lib/rv32ia/ilp32/libg_nano.a(libc_a-__atexit.o)
                0x80001050                __register_exitproc
 .text.__call_exitprocs
                0x8000114c      0x148 /opt/xpack-riscv-none-elf-gcc-13.3.0-2/bin/../lib/gcc/riscv-none-elf/13.3.0/../../../../riscv-none-elf/lib/rv32ia/ilp32/libg_nano.a(libc_a-__call_atexit.o)
                0x8000114c                __call_exitprocs
 .text._free_r  0x80001294       0xfc /opt/xpack-riscv-none-elf-gcc-13.3.0-2/bin/../lib/gcc/riscv-none-elf/13.3.0/../../../../riscv-none-elf/lib/rv32ia/ilp32/libg_nano.a(libc_a-freer.o)
                0x80001294                _free_r
 .text.sbrk_aligned
                0x80001390       0x88 /opt/xpack-riscv-none-elf-gcc-13.3.0-2/bin/../lib/gcc/riscv-none-elf/13.3.0/../../../../riscv-none-elf/lib/rv32ia/ilp32/libg_nano.a(libc_a-mallocr.o)
 .text._malloc_r
                0x80001418      0x1c4 /opt/xpack-riscv-none-elf-gcc-13.3.0-2/bin/../lib/gcc/riscv-none-elf/13.3.0/../../../../riscv-none-elf/lib/rv32ia/ilp32/libg_nano.a(libc_a-mallocr.o)
                0x80001418                _malloc_r
 .text.__malloc_lock
                0x800015dc        0x8 /opt/xpack-riscv-none-elf-gcc-13.3.0-2/bin/../lib/gcc/riscv-none-elf/13.3.0/../../../../riscv-none-elf/lib/rv32ia/ilp32/libg_nano.a(libc_a-mlock.o)
                0x800015dc                __malloc_lock
 .text.__malloc_unlock
                0x800015e4        0x8 /opt/xpack-riscv-none-elf-gcc-13.3.0-2/bin/../lib/gcc/riscv-none-elf/13.3.0/../../../../riscv-none-elf/lib/rv32ia/ilp32/libg_nano.a(libc_a-mlock.o)
                0x800015e4                __malloc_unlock
 .text.__sfputc_r
                0x800015ec       0x3c /opt/xpack-riscv-none-elf-gcc-13.3.0-2/bin/../lib/gcc/riscv-none-elf/13.3.0/../../../../riscv-none-elf/lib/rv32ia/ilp32/libg_nano.a(libc_a-nano-vfprintf.o)
 .text.__sfputs_r
                0x80001628       0x74 /opt/xpack-riscv-none-elf-gcc-13.3.0-2/bin/../lib/gcc/riscv-none-elf/13.3.0/../../../../riscv-none-elf/lib/rv32ia/ilp32/libg_nano.a(libc_a-nano-vfprintf.o)
                0x80001628                __sfputs_r
 .text._vfprintf_r
                0x8000169c      0x3f8 /opt/xpack-riscv-none-elf-gcc-13.3.0-2/bin/../lib/gcc/riscv-none-elf/13.3.0/../../../../riscv-none-elf/lib/rv32ia/ilp32/libg_nano.a(libc_a-nano-vfprintf.o)
                0x8000169c                _vfiprintf_r
                0x8000169c                _vfprintf_r
 .text._printf_common
                0x80001a94      0x1b0 /opt/xpack-riscv-none-elf-gcc-13.3.0-2/bin/../lib/gcc/riscv-none-elf/13.3.0/../../../../riscv-none-elf/lib/rv32ia/ilp32/libg_nano.a(libc_a-nano-vfprintf_i.o)
                0x80001a94                _printf_common
 .text._printf_i
                0x80001c44      0x3b8 /opt/xpack-riscv-none-elf-gcc-13.3.0-2/bin/../lib/gcc/riscv-none-elf/13.3.0/../../../../riscv-none-elf/lib/rv32ia/ilp32/libg_nano.a(libc_a-nano-vfprintf_i.o)
                0x80001c44                _printf_i
 .text.__sflush_r
                0x80001ffc      0x1dc /opt/xpack-riscv-none-elf-gcc-13.3.0-2/bin/../lib/gcc/riscv-none-elf/13.3.0/../../../../riscv-none-elf/lib/rv32ia/ilp32/libg_nano.a(libc_a-fflush.o)
                0x80001ffc                __sflush_r
 .text._fflush_r
                0x800021d8       0xa4 /opt/xpack-riscv-none-elf-gcc-13.3.0-2/bin/../lib/gcc/riscv-none-elf/13.3.0/../../../../riscv-none-elf/lib/rv32ia/ilp32/libg_nano.a(libc_a-fflush.o)
                0x800021d8                _fflush_r
 .text.__swhatbuf_r
                0x8000227c       0x90 /opt/xpack-riscv-none-elf-gcc-13.3.0-2/bin/../lib/gcc/riscv-none-elf/13.3.0/../../../../riscv-none-elf/lib/rv32ia/ilp32/libg_nano.a(libc_a-makebuf.o)
                0x8000227c                __swhatbuf_r
 .text.__smakebuf_r
                0x8000230c       0xec /opt/xpack-riscv-none-elf-gcc-13.3.0-2/bin/../lib/gcc/riscv-none-elf/13.3.0/../../../../riscv-none-elf/lib/rv32ia/ilp32/libg_nano.a(libc_a-makebuf.o)
                0x8000230c                __smakebuf_r
 .text.memchr   0x800023f8       0x24 /opt/xpack-riscv-none-elf-gcc-13.3.0-2/bin/../lib/gcc/riscv-none-elf/13.3.0/../../../../riscv-none-elf/lib/rv32ia/ilp32/libg_nano.a(libc_a-memchr.o)
                0x800023f8                memchr
 .text._fstat_r
                0x8000241c       0x44 /opt/xpack-riscv-none-elf-gcc-13.3.0-2/bin/../lib/gcc/riscv-none-elf/13.3.0/../../../../riscv-none-elf/lib/rv32ia/ilp32/libg_nano.a(libc_a-fstatr.o)
                0x8000241c                _fstat_r
 .text._isatty_r
                0x80002460       0x40 /opt/xpack-riscv-none-elf-gcc-13.3.0-2/bin/../lib/gcc/riscv-none-elf/13.3.0/../../../../riscv-none-elf/lib/rv32ia/ilp32/libg_nano.a(libc_a-isattyr.o)
                0x80002460                _isatty_r
 .text._sbrk_r  0x800024a0       0x40 /opt/xpack-riscv-none-elf-gcc-13.3.0-2/bin/../lib/gcc/riscv-none-elf/13.3.0/../../../../riscv-none-elf/lib/rv32ia/ilp32/libg_nano.a(libc_a-sbrkr.o)
                0x800024a0                _sbrk_r
 .text          0x800024e0       0xb4 /opt/xpack-riscv-none-elf-gcc-13.3.0-2/bin/../lib/gcc/riscv-none-elf/13.3.0/rv32ia/ilp32/libgcc.a(div.o)
                0x800024e0                __divsi3
                0x800024e8                __hidden___udivsi3
                0x800024e8                __udivsi3
                0x80002530                __umodsi3
                0x80002564                __modsi3
 *(.gnu.linkonce.t.*)

.rela.dyn       0x80002594        0x0
 .rela.text._sbrk
                0x80002594        0x0 ./src/bsp/hbird-e200/stubs/_exit.o
 .rela.sdata.curbrk.0
                0x80002594        0x0 ./src/bsp/hbird-e200/stubs/_exit.o
 .rela.init     0x80002594        0x0 ./src/bsp/hbird-e200/stubs/_exit.o
 .rela.text.__libc_init_array
                0x80002594        0x0 ./src/bsp/hbird-e200/stubs/_exit.o
 .rela.text.__libc_fini_array
                0x80002594        0x0 ./src/bsp/hbird-e200/stubs/_exit.o
 .rela.text.__register_exitproc
                0x80002594        0x0 ./src/bsp/hbird-e200/stubs/_exit.o
 .rela.text._vfprintf_r
                0x80002594        0x0 ./src/bsp/hbird-e200/stubs/_exit.o

.fini
 *(SORT_NONE(.fini))
                0x80002594                        . = ALIGN (0x4)
                [!provide]                        PROVIDE (__etext = .)
                [!provide]                        PROVIDE (_etext = .)
                [!provide]                        PROVIDE (etext = .)
                0x80002594                        PROVIDE (_eitcm = .)

.preinit_array  0x80002594        0x0
                0x80002594                        PROVIDE (__preinit_array_start = .)
 *(.preinit_array)
                0x80002594                        PROVIDE (__preinit_array_end = .)

.init_array     0x80002594        0x0
                0x80002594                        PROVIDE (__init_array_start = .)
 *(SORT_BY_INIT_PRIORITY(.init_array.*) SORT_BY_INIT_PRIORITY(.ctors.*))
 *(.init_array EXCLUDE_FILE(*crtend?.o *crtend.o *crtbegin?.o *crtbegin.o) .ctors)
                0x80002594                        PROVIDE (__init_array_end = .)

.fini_array     0x80002594        0x0
                0x80002594                        PROVIDE (__fini_array_start = .)
 *(SORT_BY_INIT_PRIORITY(.fini_array.*) SORT_BY_INIT_PRIORITY(.dtors.*))
 *(.fini_array EXCLUDE_FILE(*crtend?.o *crtend.o *crtbegin?.o *crtbegin.o) .dtors)
                0x80002594                        PROVIDE (__fini_array_end = .)

.ctors
 *crtbegin.o(.ctors)
 *crtbegin?.o(.ctors)
 *(EXCLUDE_FILE(*crtend?.o *crtend.o) .ctors)
 *(SORT_BY_NAME(.ctors.*))
 *(.ctors)

.dtors
 *crtbegin.o(.dtors)
 *crtbegin?.o(.dtors)
 *(EXCLUDE_FILE(*crtend?.o *crtend.o) .dtors)
 *(SORT_BY_NAME(.dtors.*))
 *(.dtors)
                0x80002594                        . = ALIGN (0x4)
                [!provide]                        PROVIDE (_eitcm = .)

.lalign         0x80002594        0x0
                0x80002594                        . = ALIGN (0x4)
                0x80002594                        PROVIDE (_data_lma = .)

.dalign         0x90000000        0x0 load address 0x80002594
                0x90000000                        . = ALIGN (0x4)
                0x90000000                        PROVIDE (_data = .)

.data           0x90000000      0x188 load address 0x80002594
 *(.rdata)
 *(.rodata .rodata.*)
 .rodata._exit.str1.4
                0x90000000       0xc1 ./src/bsp/hbird-e200/stubs/_exit.o
                                 0x23 (size before relaxing)
 .rodata.write_hex.str1.4
                0x900000c1        0x3 ./src/bsp/hbird-e200/stubs/write_hex.o
 .rodata.handle_trap.str1.4
                0x900000c1        0x6 ./src/bsp/hbird-e200/env/init.o
 .rodata._init.str1.4
                0x900000c1       0x15 ./src/bsp/hbird-e200/env/init.o
 .rodata.main.str1.4
                0x900000c1       0x3e ./src/main.o
 .rodata._vfprintf_r.str1.4
                0x900000c1       0x13 /opt/xpack-riscv-none-elf-gcc-13.3.0-2/bin/../lib/gcc/riscv-none-elf/13.3.0/../../../../riscv-none-elf/lib/rv32ia/ilp32/libg_nano.a(libc_a-nano-vfprintf.o)
 .rodata._printf_i.str1.4
                0x900000c1       0x25 /opt/xpack-riscv-none-elf-gcc-13.3.0-2/bin/../lib/gcc/riscv-none-elf/13.3.0/../../../../riscv-none-elf/lib/rv32ia/ilp32/libg_nano.a(libc_a-nano-vfprintf_i.o)
 *fill*         0x900000c1        0x3 
 .rodata._printf_i
                0x900000c4       0x58 /opt/xpack-riscv-none-elf-gcc-13.3.0-2/bin/../lib/gcc/riscv-none-elf/13.3.0/../../../../riscv-none-elf/lib/rv32ia/ilp32/libg_nano.a(libc_a-nano-vfprintf_i.o)
 *(.gnu.linkonce.r.*)
 *(.data .data.*)
 .data.__sglue  0x9000011c        0xc /opt/xpack-riscv-none-elf-gcc-13.3.0-2/bin/../lib/gcc/riscv-none-elf/13.3.0/../../../../riscv-none-elf/lib/rv32ia/ilp32/libg_nano.a(libc_a-findfp.o)
                0x9000011c                __sglue
 .data._impure_data
                0x90000128       0x4c /opt/xpack-riscv-none-elf-gcc-13.3.0-2/bin/../lib/gcc/riscv-none-elf/13.3.0/../../../../riscv-none-elf/lib/rv32ia/ilp32/libg_nano.a(libc_a-impure.o)
                0x90000128                _impure_data
 *(.gnu.linkonce.d.*)
                0x90000178                        . = ALIGN (0x8)
 *fill*         0x90000174        0x4 
                0x90000978                        PROVIDE (__global_pointer$ = (. + 0x800))
 *(.sdata .sdata.*)
 .sdata.curbrk.0
                0x90000178        0x4 ./src/bsp/hbird-e200/stubs/sbrk.o
 .sdata._impure_ptr
                0x9000017c        0x4 /opt/xpack-riscv-none-elf-gcc-13.3.0-2/bin/../lib/gcc/riscv-none-elf/13.3.0/../../../../riscv-none-elf/lib/rv32ia/ilp32/libg_nano.a(libc_a-impure.o)
                0x9000017c                _impure_ptr
 .sdata.__atexit_recursive_mutex
                0x90000180        0x4 /opt/xpack-riscv-none-elf-gcc-13.3.0-2/bin/../lib/gcc/riscv-none-elf/13.3.0/../../../../riscv-none-elf/lib/rv32ia/ilp32/libg_nano.a(libc_a-__call_atexit.o)
                0x90000180                __atexit_recursive_mutex
 *(.gnu.linkonce.s.*)
                0x90000188                        . = ALIGN (0x8)
 *fill*         0x90000184        0x4 
 *(.srodata.cst16)
 *(.srodata.cst8)
 *(.srodata.cst4)
 *(.srodata.cst2)
 *(.srodata .srodata.*)
                0x90000188                        . = ALIGN (0x4)
                0x90000188                        PROVIDE (_edata = .)
                [!provide]                        PROVIDE (edata = .)
                [!provide]                        PROVIDE (_fbss = .)
                0x90000188                        PROVIDE (__bss_start = .)

.bss            0x90000188      0x1e4
 *(.sbss*)
 .sbss.__stdio_exit_handler
                0x90000188        0x4 /opt/xpack-riscv-none-elf-gcc-13.3.0-2/bin/../lib/gcc/riscv-none-elf/13.3.0/../../../../riscv-none-elf/lib/rv32ia/ilp32/libg_nano.a(libc_a-findfp.o)
                0x90000188                __stdio_exit_handler
 .sbss.errno    0x9000018c        0x4 /opt/xpack-riscv-none-elf-gcc-13.3.0-2/bin/../lib/gcc/riscv-none-elf/13.3.0/../../../../riscv-none-elf/lib/rv32ia/ilp32/libg_nano.a(libc_a-reent.o)
                0x9000018c                errno
 .sbss.__lock___malloc_recursive_mutex
                0x90000190        0x1 /opt/xpack-riscv-none-elf-gcc-13.3.0-2/bin/../lib/gcc/riscv-none-elf/13.3.0/../../../../riscv-none-elf/lib/rv32ia/ilp32/libg_nano.a(libc_a-lock.o)
                0x90000190                __lock___malloc_recursive_mutex
 *fill*         0x90000191        0x3 
 .sbss.__lock___atexit_recursive_mutex
                0x90000194        0x1 /opt/xpack-riscv-none-elf-gcc-13.3.0-2/bin/../lib/gcc/riscv-none-elf/13.3.0/../../../../riscv-none-elf/lib/rv32ia/ilp32/libg_nano.a(libc_a-lock.o)
                0x90000194                __lock___atexit_recursive_mutex
 *fill*         0x90000195        0x3 
 .sbss.__lock___sfp_recursive_mutex
                0x90000198        0x1 /opt/xpack-riscv-none-elf-gcc-13.3.0-2/bin/../lib/gcc/riscv-none-elf/13.3.0/../../../../riscv-none-elf/lib/rv32ia/ilp32/libg_nano.a(libc_a-lock.o)
                0x90000198                __lock___sfp_recursive_mutex
 *fill*         0x90000199        0x3 
 .sbss.__atexit
                0x9000019c        0x4 /opt/xpack-riscv-none-elf-gcc-13.3.0-2/bin/../lib/gcc/riscv-none-elf/13.3.0/../../../../riscv-none-elf/lib/rv32ia/ilp32/libg_nano.a(libc_a-__call_atexit.o)
                0x9000019c                __atexit
 .sbss.__malloc_sbrk_start
                0x900001a0        0x4 /opt/xpack-riscv-none-elf-gcc-13.3.0-2/bin/../lib/gcc/riscv-none-elf/13.3.0/../../../../riscv-none-elf/lib/rv32ia/ilp32/libg_nano.a(libc_a-mallocr.o)
                0x900001a0                __malloc_sbrk_start
 .sbss.__malloc_free_list
                0x900001a4        0x4 /opt/xpack-riscv-none-elf-gcc-13.3.0-2/bin/../lib/gcc/riscv-none-elf/13.3.0/../../../../riscv-none-elf/lib/rv32ia/ilp32/libg_nano.a(libc_a-mallocr.o)
                0x900001a4                __malloc_free_list
 *(.gnu.linkonce.sb.*)
 *(.bss .bss.*)
 .bss.__sf      0x900001a8      0x138 /opt/xpack-riscv-none-elf-gcc-13.3.0-2/bin/../lib/gcc/riscv-none-elf/13.3.0/../../../../riscv-none-elf/lib/rv32ia/ilp32/libg_nano.a(libc_a-findfp.o)
                0x900001a8                __sf
 .bss.__atexit0
                0x900002e0       0x8c /opt/xpack-riscv-none-elf-gcc-13.3.0-2/bin/../lib/gcc/riscv-none-elf/13.3.0/../../../../riscv-none-elf/lib/rv32ia/ilp32/libg_nano.a(libc_a-__atexit.o)
                0x900002e0                __atexit0
 *(.gnu.linkonce.b.*)
 *(COMMON)
                0x9000036c                        . = ALIGN (0x4)
                0x90000370                        . = ALIGN (0x8)
                0x90000370                        PROVIDE (_end = .)
                [!provide]                        PROVIDE (end = .)

.stack          0x90003800      0x800 load address 0x9000036c
                0x90003800                        PROVIDE (_heap_end = .)
                0x00000800                        . = __stack_size
 *fill*         0x90003800      0x800 
                0x90004000                        PROVIDE (_sp = .)
OUTPUT(e203_my_periph_demo.elf elf32-littleriscv)

.debug_info     0x00000000     0x1301
 .debug_info    0x00000000      0x16e ./src/bsp/hbird-e200/stubs/_exit.o
 .debug_info    0x0000016e       0xc3 ./src/bsp/hbird-e200/stubs/close.o
 .debug_info    0x00000231      0x303 ./src/bsp/hbird-e200/stubs/fstat.o
 .debug_info    0x00000534       0xa5 ./src/bsp/hbird-e200/stubs/isatty.o
 .debug_info    0x000005d9      0x12e ./src/bsp/hbird-e200/stubs/lseek.o
 .debug_info    0x00000707       0xf5 ./src/bsp/hbird-e200/stubs/read.o
 .debug_info    0x000007fc       0xef ./src/bsp/hbird-e200/stubs/sbrk.o
 .debug_info    0x000008eb      0x18b ./src/bsp/hbird-e200/stubs/write.o
 .debug_info    0x00000a76      0x19f ./src/bsp/hbird-e200/stubs/write_hex.o
 .debug_info    0x00000c15       0x25 ./src/bsp/hbird-e200/env/entry.o
 .debug_info    0x00000c3a      0x572 ./src/bsp/hbird-e200/env/init.o
 .debug_info    0x000011ac       0x25 ./src/bsp/hbird-e200/env/start.o
 .debug_info    0x000011d1      0x130 ./src/main.o

.debug_abbrev   0x00000000      0xa66
 .debug_abbrev  0x00000000       0xf1 ./src/bsp/hbird-e200/stubs/_exit.o
 .debug_abbrev  0x000000f1       0x7c ./src/bsp/hbird-e200/stubs/close.o
 .debug_abbrev  0x0000016d       0xfb ./src/bsp/hbird-e200/stubs/fstat.o
 .debug_abbrev  0x00000268       0x58 ./src/bsp/hbird-e200/stubs/isatty.o
 .debug_abbrev  0x000002c0       0xbd ./src/bsp/hbird-e200/stubs/lseek.o
 .debug_abbrev  0x0000037d       0xa5 ./src/bsp/hbird-e200/stubs/read.o
 .debug_abbrev  0x00000422       0xad ./src/bsp/hbird-e200/stubs/sbrk.o
 .debug_abbrev  0x000004cf       0xfe ./src/bsp/hbird-e200/stubs/write.o
 .debug_abbrev  0x000005cd       0xfb ./src/bsp/hbird-e200/stubs/write_hex.o
 .debug_abbrev  0x000006c8       0x14 ./src/bsp/hbird-e200/env/entry.o
 .debug_abbrev  0x000006dc      0x2d8 ./src/bsp/hbird-e200/env/init.o
 .debug_abbrev  0x000009b4       0x14 ./src/bsp/hbird-e200/env/start.o
 .debug_abbrev  0x000009c8       0x9e ./src/main.o

.debug_loclists
                0x00000000      0x36d
 .debug_loclists
                0x00000000       0x1d ./src/bsp/hbird-e200/stubs/_exit.o
 .debug_loclists
                0x0000001d       0x25 ./src/bsp/hbird-e200/stubs/close.o
 .debug_loclists
                0x00000042       0x48 ./src/bsp/hbird-e200/stubs/fstat.o
 .debug_loclists
                0x0000008a       0x2c ./src/bsp/hbird-e200/stubs/isatty.o
 .debug_loclists
                0x000000b6       0x57 ./src/bsp/hbird-e200/stubs/lseek.o
 .debug_loclists
                0x0000010d       0x25 ./src/bsp/hbird-e200/stubs/read.o
 .debug_loclists
                0x00000132       0x25 ./src/bsp/hbird-e200/stubs/sbrk.o
 .debug_loclists
                0x00000157       0xb4 ./src/bsp/hbird-e200/stubs/write.o
 .debug_loclists
                0x0000020b       0x8c ./src/bsp/hbird-e200/stubs/write_hex.o
 .debug_loclists
                0x00000297       0xc1 ./src/bsp/hbird-e200/env/init.o
 .debug_loclists
                0x00000358       0x15 ./src/main.o

.debug_aranges  0x00000000      0x1f0
 .debug_aranges
                0x00000000       0x20 ./src/bsp/hbird-e200/stubs/_exit.o
 .debug_aranges
                0x00000020       0x20 ./src/bsp/hbird-e200/stubs/close.o
 .debug_aranges
                0x00000040       0x20 ./src/bsp/hbird-e200/stubs/fstat.o
 .debug_aranges
                0x00000060       0x20 ./src/bsp/hbird-e200/stubs/isatty.o
 .debug_aranges
                0x00000080       0x20 ./src/bsp/hbird-e200/stubs/lseek.o
 .debug_aranges
                0x000000a0       0x20 ./src/bsp/hbird-e200/stubs/read.o
 .debug_aranges
                0x000000c0       0x20 ./src/bsp/hbird-e200/stubs/sbrk.o
 .debug_aranges
                0x000000e0       0x20 ./src/bsp/hbird-e200/stubs/write.o
 .debug_aranges
                0x00000100       0x20 ./src/bsp/hbird-e200/stubs/write_hex.o
 .debug_aranges
                0x00000120       0x20 ./src/bsp/hbird-e200/env/entry.o
 .debug_aranges
                0x00000140       0x70 ./src/bsp/hbird-e200/env/init.o
 .debug_aranges
                0x000001b0       0x20 ./src/bsp/hbird-e200/env/start.o
 .debug_aranges
                0x000001d0       0x20 ./src/main.o

.debug_rnglists
                0x00000000      0x17a
 .debug_rnglists
                0x00000000       0x14 ./src/bsp/hbird-e200/stubs/_exit.o
 .debug_rnglists
                0x00000014       0x13 ./src/bsp/hbird-e200/stubs/close.o
 .debug_rnglists
                0x00000027       0x13 ./src/bsp/hbird-e200/stubs/fstat.o
 .debug_rnglists
                0x0000003a       0x13 ./src/bsp/hbird-e200/stubs/isatty.o
 .debug_rnglists
                0x0000004d       0x13 ./src/bsp/hbird-e200/stubs/lseek.o
 .debug_rnglists
                0x00000060       0x13 ./src/bsp/hbird-e200/stubs/read.o
 .debug_rnglists
                0x00000073       0x13 ./src/bsp/hbird-e200/stubs/sbrk.o
 .debug_rnglists
                0x00000086       0x20 ./src/bsp/hbird-e200/stubs/write.o
 .debug_rnglists
                0x000000a6       0x29 ./src/bsp/hbird-e200/stubs/write_hex.o
 .debug_rnglists
                0x000000cf       0x88 ./src/bsp/hbird-e200/env/init.o
 .debug_rnglists
                0x00000157       0x23 ./src/main.o

.debug_macro    0x00000000     0x53ee
 .debug_macro   0x00000000      0x1e7 ./src/bsp/hbird-e200/stubs/_exit.o
 .debug_macro   0x000001e7      0x7ba ./src/bsp/hbird-e200/stubs/_exit.o
 .debug_macro   0x000009a1       0x22 ./src/bsp/hbird-e200/stubs/_exit.o
 .debug_macro   0x000009c3       0x8e ./src/bsp/hbird-e200/stubs/_exit.o
 .debug_macro   0x00000a51       0x51 ./src/bsp/hbird-e200/stubs/_exit.o
 .debug_macro   0x00000aa2      0x190 ./src/bsp/hbird-e200/stubs/_exit.o
 .debug_macro   0x00000c32      0x370 ./src/bsp/hbird-e200/stubs/_exit.o
 .debug_macro   0x00000fa2       0x6e ./src/bsp/hbird-e200/stubs/_exit.o
 .debug_macro   0x00001010       0x19 ./src/bsp/hbird-e200/stubs/_exit.o
 .debug_macro   0x00001029       0x3b ./src/bsp/hbird-e200/stubs/_exit.o
 .debug_macro   0x00001064       0x34 ./src/bsp/hbird-e200/stubs/_exit.o
 .debug_macro   0x00001098       0x10 ./src/bsp/hbird-e200/stubs/_exit.o
 .debug_macro   0x000010a8       0x10 ./src/bsp/hbird-e200/stubs/_exit.o
 .debug_macro   0x000010b8       0x16 ./src/bsp/hbird-e200/stubs/_exit.o
 .debug_macro   0x000010ce       0x4a ./src/bsp/hbird-e200/stubs/_exit.o
 .debug_macro   0x00001118       0x34 ./src/bsp/hbird-e200/stubs/_exit.o
 .debug_macro   0x0000114c       0x6a ./src/bsp/hbird-e200/stubs/_exit.o
 .debug_macro   0x000011b6       0x1c ./src/bsp/hbird-e200/stubs/_exit.o
 .debug_macro   0x000011d2       0x52 ./src/bsp/hbird-e200/stubs/_exit.o
 .debug_macro   0x00001224       0x22 ./src/bsp/hbird-e200/stubs/_exit.o
 .debug_macro   0x00001246       0x10 ./src/bsp/hbird-e200/stubs/_exit.o
 .debug_macro   0x00001256       0x52 ./src/bsp/hbird-e200/stubs/_exit.o
 .debug_macro   0x000012a8       0xcf ./src/bsp/hbird-e200/stubs/_exit.o
 .debug_macro   0x00001377       0x1c ./src/bsp/hbird-e200/stubs/_exit.o
 .debug_macro   0x00001393       0x3d ./src/bsp/hbird-e200/stubs/_exit.o
 .debug_macro   0x000013d0      0x51a ./src/bsp/hbird-e200/stubs/_exit.o
 .debug_macro   0x000018ea       0x1c ./src/bsp/hbird-e200/stubs/_exit.o
 .debug_macro   0x00001906       0x22 ./src/bsp/hbird-e200/stubs/_exit.o
 .debug_macro   0x00001928      0x1a2 ./src/bsp/hbird-e200/stubs/_exit.o
 .debug_macro   0x00001aca       0x2e ./src/bsp/hbird-e200/stubs/_exit.o
 .debug_macro   0x00001af8       0x70 ./src/bsp/hbird-e200/stubs/_exit.o
 .debug_macro   0x00001b68       0x5e ./src/bsp/hbird-e200/stubs/_exit.o
 .debug_macro   0x00001bc6       0xa0 ./src/bsp/hbird-e200/stubs/_exit.o
 .debug_macro   0x00001c66      0x130 ./src/bsp/hbird-e200/stubs/_exit.o
 .debug_macro   0x00001d96       0x58 ./src/bsp/hbird-e200/stubs/_exit.o
 .debug_macro   0x00001dee       0x16 ./src/bsp/hbird-e200/stubs/_exit.o
 .debug_macro   0x00001e04      0x1fc ./src/bsp/hbird-e200/stubs/_exit.o
 .debug_macro   0x00002000      0x103 ./src/bsp/hbird-e200/stubs/_exit.o
 .debug_macro   0x00002103      0x1df ./src/bsp/hbird-e200/stubs/_exit.o
 .debug_macro   0x000022e2       0x20 ./src/bsp/hbird-e200/stubs/_exit.o
 .debug_macro   0x00002302       0x4c ./src/bsp/hbird-e200/stubs/_exit.o
 .debug_macro   0x0000234e       0xe4 ./src/bsp/hbird-e200/stubs/close.o
 .debug_macro   0x00002432       0x10 ./src/bsp/hbird-e200/stubs/close.o
 .debug_macro   0x00002442       0x10 ./src/bsp/hbird-e200/stubs/close.o
 .debug_macro   0x00002452       0x58 ./src/bsp/hbird-e200/stubs/close.o
 .debug_macro   0x000024aa      0x1de ./src/bsp/hbird-e200/stubs/close.o
 .debug_macro   0x00002688      0x23c ./src/bsp/hbird-e200/stubs/close.o
 .debug_macro   0x000028c4      0x1dc ./src/bsp/hbird-e200/stubs/fstat.o
 .debug_macro   0x00002aa0       0x16 ./src/bsp/hbird-e200/stubs/fstat.o
 .debug_macro   0x00002ab6       0x3c ./src/bsp/hbird-e200/stubs/fstat.o
 .debug_macro   0x00002af2       0x10 ./src/bsp/hbird-e200/stubs/fstat.o
 .debug_macro   0x00002b02       0x10 ./src/bsp/hbird-e200/stubs/fstat.o
 .debug_macro   0x00002b12       0x10 ./src/bsp/hbird-e200/stubs/fstat.o
 .debug_macro   0x00002b22       0x35 ./src/bsp/hbird-e200/stubs/fstat.o
 .debug_macro   0x00002b57      0x12c ./src/bsp/hbird-e200/stubs/fstat.o
 .debug_macro   0x00002c83      0x152 ./src/bsp/hbird-e200/stubs/isatty.o
 .debug_macro   0x00002dd5      0x194 ./src/bsp/hbird-e200/stubs/lseek.o
 .debug_macro   0x00002f69      0x223 ./src/bsp/hbird-e200/stubs/read.o
 .debug_macro   0x0000318c      0x218 ./src/bsp/hbird-e200/stubs/read.o
 .debug_macro   0x000033a4       0x54 ./src/bsp/hbird-e200/stubs/sbrk.o
 .debug_macro   0x000033f8      0x223 ./src/bsp/hbird-e200/stubs/write.o
 .debug_macro   0x0000361b      0x1e1 ./src/bsp/hbird-e200/stubs/write_hex.o
 .debug_macro   0x000037fc      0x24e ./src/bsp/hbird-e200/env/init.o
 .debug_macro   0x00003a4a       0x10 ./src/bsp/hbird-e200/env/init.o
 .debug_macro   0x00003a5a     0x15c4 ./src/bsp/hbird-e200/env/init.o
 .debug_macro   0x0000501e      0x275 ./src/main.o
 .debug_macro   0x00005293      0x15b ./src/main.o

.debug_line     0x00000000     0x1742
 .debug_line    0x00000000      0x1ac ./src/bsp/hbird-e200/stubs/_exit.o
 .debug_line    0x000001ac       0xbb ./src/bsp/hbird-e200/stubs/close.o
 .debug_line    0x00000267      0x163 ./src/bsp/hbird-e200/stubs/fstat.o
 .debug_line    0x000003ca       0xf0 ./src/bsp/hbird-e200/stubs/isatty.o
 .debug_line    0x000004ba      0x125 ./src/bsp/hbird-e200/stubs/lseek.o
 .debug_line    0x000005df      0x15a ./src/bsp/hbird-e200/stubs/read.o
 .debug_line    0x00000739       0xee ./src/bsp/hbird-e200/stubs/sbrk.o
 .debug_line    0x00000827      0x234 ./src/bsp/hbird-e200/stubs/write.o
 .debug_line    0x00000a5b      0x299 ./src/bsp/hbird-e200/stubs/write_hex.o
 .debug_line    0x00000cf4       0x6e ./src/bsp/hbird-e200/env/entry.o
 .debug_line    0x00000d62      0x68a ./src/bsp/hbird-e200/env/init.o
 .debug_line    0x000013ec      0x134 ./src/bsp/hbird-e200/env/start.o
 .debug_line    0x00001520      0x222 ./src/main.o

.debug_str      0x00000000     0xf76a
 .debug_str     0x00000000     0xf76a ./src/bsp/hbird-e200/stubs/_exit.o
                               0x8bc5 (size before relaxing)
 .debug_str     0x0000f76a     0x5e60 ./src/bsp/hbird-e200/stubs/close.o
 .debug_str     0x0000f76a     0x7fb4 ./src/bsp/hbird-e200/stubs/fstat.o
 .debug_str     0x0000f76a     0x6331 ./src/bsp/hbird-e200/stubs/isatty.o
 .debug_str     0x0000f76a     0x7900 ./src/bsp/hbird-e200/stubs/lseek.o
 .debug_str     0x0000f76a     0xa15d ./src/bsp/hbird-e200/stubs/read.o
 .debug_str     0x0000f76a     0x44cd ./src/bsp/hbird-e200/stubs/sbrk.o
 .debug_str     0x0000f76a     0xa193 ./src/bsp/hbird-e200/stubs/write.o
 .debug_str     0x0000f76a     0x8bd2 ./src/bsp/hbird-e200/stubs/write_hex.o
 .debug_str     0x0000f76a       0x71 ./src/bsp/hbird-e200/env/entry.o
 .debug_str     0x0000f76a     0xecc2 ./src/bsp/hbird-e200/env/init.o
 .debug_str     0x0000f76a       0x71 ./src/bsp/hbird-e200/env/start.o
 .debug_str     0x0000f76a     0xa45f ./src/main.o

.debug_line_str
                0x00000000      0x4f6
 .debug_line_str
                0x00000000      0x4f6 ./src/bsp/hbird-e200/stubs/_exit.o
                                0x3cb (size before relaxing)
 .debug_line_str
                0x000004f6      0x27f ./src/bsp/hbird-e200/stubs/close.o
 .debug_line_str
                0x000004f6      0x32a ./src/bsp/hbird-e200/stubs/fstat.o
 .debug_line_str
                0x000004f6      0x2e8 ./src/bsp/hbird-e200/stubs/isatty.o
 .debug_line_str
                0x000004f6      0x30b ./src/bsp/hbird-e200/stubs/lseek.o
 .debug_line_str
                0x000004f6      0x3ee ./src/bsp/hbird-e200/stubs/read.o
 .debug_line_str
                0x000004f6      0x221 ./src/bsp/hbird-e200/stubs/sbrk.o
 .debug_line_str
                0x000004f6      0x3f1 ./src/bsp/hbird-e200/stubs/write.o
 .debug_line_str
                0x000004f6      0x3d7 ./src/bsp/hbird-e200/stubs/write_hex.o
 .debug_line_str
                0x000004f6       0x63 ./src/bsp/hbird-e200/env/entry.o
 .debug_line_str
                0x000004f6      0x3dd ./src/bsp/hbird-e200/env/init.o
 .debug_line_str
                0x000004f6       0x63 ./src/bsp/hbird-e200/env/start.o
 .debug_line_str
                0x000004f6      0x3d8 ./src/main.o

.comment        0x00000000       0x33
 .comment       0x00000000       0x33 ./src/bsp/hbird-e200/stubs/_exit.o
                                 0x34 (size before relaxing)
 .comment       0x00000033       0x34 ./src/bsp/hbird-e200/stubs/close.o
 .comment       0x00000033       0x34 ./src/bsp/hbird-e200/stubs/fstat.o
 .comment       0x00000033       0x34 ./src/bsp/hbird-e200/stubs/isatty.o
 .comment       0x00000033       0x34 ./src/bsp/hbird-e200/stubs/lseek.o
 .comment       0x00000033       0x34 ./src/bsp/hbird-e200/stubs/read.o
 .comment       0x00000033       0x34 ./src/bsp/hbird-e200/stubs/sbrk.o
 .comment       0x00000033       0x34 ./src/bsp/hbird-e200/stubs/write.o
 .comment       0x00000033       0x34 ./src/bsp/hbird-e200/stubs/write_hex.o
 .comment       0x00000033       0x34 ./src/bsp/hbird-e200/env/init.o
 .comment       0x00000033       0x34 ./src/main.o
 .comment       0x00000033       0x34 /opt/xpack-riscv-none-elf-gcc-13.3.0-2/bin/../lib/gcc/riscv-none-elf/13.3.0/../../../../riscv-none-elf/lib/rv32ia/ilp32/libg_nano.a(libc_a-atexit.o)
 .comment       0x00000033       0x34 /opt/xpack-riscv-none-elf-gcc-13.3.0-2/bin/../lib/gcc/riscv-none-elf/13.3.0/../../../../riscv-none-elf/lib/rv32ia/ilp32/libg_nano.a(libc_a-exit.o)
 .comment       0x00000033       0x34 /opt/xpack-riscv-none-elf-gcc-13.3.0-2/bin/../lib/gcc/riscv-none-elf/13.3.0/../../../../riscv-none-elf/lib/rv32ia/ilp32/libg_nano.a(libc_a-findfp.o)
 .comment       0x00000033       0x34 /opt/xpack-riscv-none-elf-gcc-13.3.0-2/bin/../lib/gcc/riscv-none-elf/13.3.0/../../../../riscv-none-elf/lib/rv32ia/ilp32/libg_nano.a(libc_a-fwalk.o)
 .comment       0x00000033       0x34 /opt/xpack-riscv-none-elf-gcc-13.3.0-2/bin/../lib/gcc/riscv-none-elf/13.3.0/../../../../riscv-none-elf/lib/rv32ia/ilp32/libg_nano.a(libc_a-printf.o)
 .comment       0x00000033       0x34 /opt/xpack-riscv-none-elf-gcc-13.3.0-2/bin/../lib/gcc/riscv-none-elf/13.3.0/../../../../riscv-none-elf/lib/rv32ia/ilp32/libg_nano.a(libc_a-puts.o)
 .comment       0x00000033       0x34 /opt/xpack-riscv-none-elf-gcc-13.3.0-2/bin/../lib/gcc/riscv-none-elf/13.3.0/../../../../riscv-none-elf/lib/rv32ia/ilp32/libg_nano.a(libc_a-stdio.o)
 .comment       0x00000033       0x34 /opt/xpack-riscv-none-elf-gcc-13.3.0-2/bin/../lib/gcc/riscv-none-elf/13.3.0/../../../../riscv-none-elf/lib/rv32ia/ilp32/libg_nano.a(libc_a-wbuf.o)
 .comment       0x00000033       0x34 /opt/xpack-riscv-none-elf-gcc-13.3.0-2/bin/../lib/gcc/riscv-none-elf/13.3.0/../../../../riscv-none-elf/lib/rv32ia/ilp32/libg_nano.a(libc_a-wsetup.o)
 .comment       0x00000033       0x34 /opt/xpack-riscv-none-elf-gcc-13.3.0-2/bin/../lib/gcc/riscv-none-elf/13.3.0/../../../../riscv-none-elf/lib/rv32ia/ilp32/libg_nano.a(libc_a-closer.o)
 .comment       0x00000033       0x34 /opt/xpack-riscv-none-elf-gcc-13.3.0-2/bin/../lib/gcc/riscv-none-elf/13.3.0/../../../../riscv-none-elf/lib/rv32ia/ilp32/libg_nano.a(libc_a-reent.o)
 .comment       0x00000033       0x34 /opt/xpack-riscv-none-elf-gcc-13.3.0-2/bin/../lib/gcc/riscv-none-elf/13.3.0/../../../../riscv-none-elf/lib/rv32ia/ilp32/libg_nano.a(libc_a-impure.o)
 .comment       0x00000033       0x34 /opt/xpack-riscv-none-elf-gcc-13.3.0-2/bin/../lib/gcc/riscv-none-elf/13.3.0/../../../../riscv-none-elf/lib/rv32ia/ilp32/libg_nano.a(libc_a-lseekr.o)
 .comment       0x00000033       0x34 /opt/xpack-riscv-none-elf-gcc-13.3.0-2/bin/../lib/gcc/riscv-none-elf/13.3.0/../../../../riscv-none-elf/lib/rv32ia/ilp32/libg_nano.a(libc_a-readr.o)
 .comment       0x00000033       0x34 /opt/xpack-riscv-none-elf-gcc-13.3.0-2/bin/../lib/gcc/riscv-none-elf/13.3.0/../../../../riscv-none-elf/lib/rv32ia/ilp32/libg_nano.a(libc_a-writer.o)
 .comment       0x00000033       0x34 /opt/xpack-riscv-none-elf-gcc-13.3.0-2/bin/../lib/gcc/riscv-none-elf/13.3.0/../../../../riscv-none-elf/lib/rv32ia/ilp32/libg_nano.a(libc_a-init.o)
 .comment       0x00000033       0x34 /opt/xpack-riscv-none-elf-gcc-13.3.0-2/bin/../lib/gcc/riscv-none-elf/13.3.0/../../../../riscv-none-elf/lib/rv32ia/ilp32/libg_nano.a(libc_a-fini.o)
 .comment       0x00000033       0x34 /opt/xpack-riscv-none-elf-gcc-13.3.0-2/bin/../lib/gcc/riscv-none-elf/13.3.0/../../../../riscv-none-elf/lib/rv32ia/ilp32/libg_nano.a(libc_a-lock.o)
 .comment       0x00000033       0x34 /opt/xpack-riscv-none-elf-gcc-13.3.0-2/bin/../lib/gcc/riscv-none-elf/13.3.0/../../../../riscv-none-elf/lib/rv32ia/ilp32/libg_nano.a(libc_a-sysisatty.o)
 .comment       0x00000033       0x34 /opt/xpack-riscv-none-elf-gcc-13.3.0-2/bin/../lib/gcc/riscv-none-elf/13.3.0/../../../../riscv-none-elf/lib/rv32ia/ilp32/libg_nano.a(libc_a-syswrite.o)
 .comment       0x00000033       0x34 /opt/xpack-riscv-none-elf-gcc-13.3.0-2/bin/../lib/gcc/riscv-none-elf/13.3.0/../../../../riscv-none-elf/lib/rv32ia/ilp32/libg_nano.a(libc_a-__atexit.o)
 .comment       0x00000033       0x34 /opt/xpack-riscv-none-elf-gcc-13.3.0-2/bin/../lib/gcc/riscv-none-elf/13.3.0/../../../../riscv-none-elf/lib/rv32ia/ilp32/libg_nano.a(libc_a-__call_atexit.o)
 .comment       0x00000033       0x34 /opt/xpack-riscv-none-elf-gcc-13.3.0-2/bin/../lib/gcc/riscv-none-elf/13.3.0/../../../../riscv-none-elf/lib/rv32ia/ilp32/libg_nano.a(libc_a-freer.o)
 .comment       0x00000033       0x34 /opt/xpack-riscv-none-elf-gcc-13.3.0-2/bin/../lib/gcc/riscv-none-elf/13.3.0/../../../../riscv-none-elf/lib/rv32ia/ilp32/libg_nano.a(libc_a-mallocr.o)
 .comment       0x00000033       0x34 /opt/xpack-riscv-none-elf-gcc-13.3.0-2/bin/../lib/gcc/riscv-none-elf/13.3.0/../../../../riscv-none-elf/lib/rv32ia/ilp32/libg_nano.a(libc_a-mlock.o)
 .comment       0x00000033       0x34 /opt/xpack-riscv-none-elf-gcc-13.3.0-2/bin/../lib/gcc/riscv-none-elf/13.3.0/../../../../riscv-none-elf/lib/rv32ia/ilp32/libg_nano.a(libc_a-nano-vfprintf.o)
 .comment       0x00000033       0x34 /opt/xpack-riscv-none-elf-gcc-13.3.0-2/bin/../lib/gcc/riscv-none-elf/13.3.0/../../../../riscv-none-elf/lib/rv32ia/ilp32/libg_nano.a(libc_a-nano-vfprintf_i.o)
 .comment       0x00000033       0x34 /opt/xpack-riscv-none-elf-gcc-13.3.0-2/bin/../lib/gcc/riscv-none-elf/13.3.0/../../../../riscv-none-elf/lib/rv32ia/ilp32/libg_nano.a(libc_a-fflush.o)
 .comment       0x00000033       0x34 /opt/xpack-riscv-none-elf-gcc-13.3.0-2/bin/../lib/gcc/riscv-none-elf/13.3.0/../../../../riscv-none-elf/lib/rv32ia/ilp32/libg_nano.a(libc_a-makebuf.o)
 .comment       0x00000033       0x34 /opt/xpack-riscv-none-elf-gcc-13.3.0-2/bin/../lib/gcc/riscv-none-elf/13.3.0/../../../../riscv-none-elf/lib/rv32ia/ilp32/libg_nano.a(libc_a-memchr.o)
 .comment       0x00000033       0x34 /opt/xpack-riscv-none-elf-gcc-13.3.0-2/bin/../lib/gcc/riscv-none-elf/13.3.0/../../../../riscv-none-elf/lib/rv32ia/ilp32/libg_nano.a(libc_a-fstatr.o)
 .comment       0x00000033       0x34 /opt/xpack-riscv-none-elf-gcc-13.3.0-2/bin/../lib/gcc/riscv-none-elf/13.3.0/../../../../riscv-none-elf/lib/rv32ia/ilp32/libg_nano.a(libc_a-isattyr.o)
 .comment       0x00000033       0x34 /opt/xpack-riscv-none-elf-gcc-13.3.0-2/bin/../lib/gcc/riscv-none-elf/13.3.0/../../../../riscv-none-elf/lib/rv32ia/ilp32/libg_nano.a(libc_a-sbrkr.o)

.riscv.attributes
                0x00000000       0x4f
 .riscv.attributes
                0x00000000       0x4b ./src/bsp/hbird-e200/stubs/_exit.o
 .riscv.attributes
                0x0000004b       0x4b ./src/bsp/hbird-e200/stubs/close.o
 .riscv.attributes
                0x00000096       0x4b ./src/bsp/hbird-e200/stubs/fstat.o
 .riscv.attributes
                0x000000e1       0x4b ./src/bsp/hbird-e200/stubs/isatty.o
 .riscv.attributes
                0x0000012c       0x4b ./src/bsp/hbird-e200/stubs/lseek.o
 .riscv.attributes
                0x00000177       0x4b ./src/bsp/hbird-e200/stubs/read.o
 .riscv.attributes
                0x000001c2       0x4b ./src/bsp/hbird-e200/stubs/sbrk.o
 .riscv.attributes
                0x0000020d       0x4b ./src/bsp/hbird-e200/stubs/write.o
 .riscv.attributes
                0x00000258       0x4b ./src/bsp/hbird-e200/stubs/write_hex.o
 .riscv.attributes
                0x000002a3       0x4d ./src/bsp/hbird-e200/env/entry.o
 .riscv.attributes
                0x000002f0       0x4f ./src/bsp/hbird-e200/env/init.o
 .riscv.attributes
                0x0000033f       0x4d ./src/bsp/hbird-e200/env/start.o
 .riscv.attributes
                0x0000038c       0x4b ./src/main.o
 .riscv.attributes
                0x000003d7       0x34 /opt/xpack-riscv-none-elf-gcc-13.3.0-2/bin/../lib/gcc/riscv-none-elf/13.3.0/../../../../riscv-none-elf/lib/rv32ia/ilp32/libg_nano.a(libc_a-atexit.o)
 .riscv.attributes
                0x0000040b       0x34 /opt/xpack-riscv-none-elf-gcc-13.3.0-2/bin/../lib/gcc/riscv-none-elf/13.3.0/../../../../riscv-none-elf/lib/rv32ia/ilp32/libg_nano.a(libc_a-exit.o)
 .riscv.attributes
                0x0000043f       0x34 /opt/xpack-riscv-none-elf-gcc-13.3.0-2/bin/../lib/gcc/riscv-none-elf/13.3.0/../../../../riscv-none-elf/lib/rv32ia/ilp32/libg_nano.a(libc_a-findfp.o)
 .riscv.attributes
                0x00000473       0x34 /opt/xpack-riscv-none-elf-gcc-13.3.0-2/bin/../lib/gcc/riscv-none-elf/13.3.0/../../../../riscv-none-elf/lib/rv32ia/ilp32/libg_nano.a(libc_a-fwalk.o)
 .riscv.attributes
                0x000004a7       0x34 /opt/xpack-riscv-none-elf-gcc-13.3.0-2/bin/../lib/gcc/riscv-none-elf/13.3.0/../../../../riscv-none-elf/lib/rv32ia/ilp32/libg_nano.a(libc_a-printf.o)
 .riscv.attributes
                0x000004db       0x34 /opt/xpack-riscv-none-elf-gcc-13.3.0-2/bin/../lib/gcc/riscv-none-elf/13.3.0/../../../../riscv-none-elf/lib/rv32ia/ilp32/libg_nano.a(libc_a-puts.o)
 .riscv.attributes
                0x0000050f       0x34 /opt/xpack-riscv-none-elf-gcc-13.3.0-2/bin/../lib/gcc/riscv-none-elf/13.3.0/../../../../riscv-none-elf/lib/rv32ia/ilp32/libg_nano.a(libc_a-stdio.o)
 .riscv.attributes
                0x00000543       0x34 /opt/xpack-riscv-none-elf-gcc-13.3.0-2/bin/../lib/gcc/riscv-none-elf/13.3.0/../../../../riscv-none-elf/lib/rv32ia/ilp32/libg_nano.a(libc_a-wbuf.o)
 .riscv.attributes
                0x00000577       0x34 /opt/xpack-riscv-none-elf-gcc-13.3.0-2/bin/../lib/gcc/riscv-none-elf/13.3.0/../../../../riscv-none-elf/lib/rv32ia/ilp32/libg_nano.a(libc_a-wsetup.o)
 .riscv.attributes
                0x000005ab       0x34 /opt/xpack-riscv-none-elf-gcc-13.3.0-2/bin/../lib/gcc/riscv-none-elf/13.3.0/../../../../riscv-none-elf/lib/rv32ia/ilp32/libg_nano.a(libc_a-closer.o)
 .riscv.attributes
                0x000005df       0x34 /opt/xpack-riscv-none-elf-gcc-13.3.0-2/bin/../lib/gcc/riscv-none-elf/13.3.0/../../../../riscv-none-elf/lib/rv32ia/ilp32/libg_nano.a(libc_a-reent.o)
 .riscv.attributes
                0x00000613       0x34 /opt/xpack-riscv-none-elf-gcc-13.3.0-2/bin/../lib/gcc/riscv-none-elf/13.3.0/../../../../riscv-none-elf/lib/rv32ia/ilp32/libg_nano.a(libc_a-impure.o)
 .riscv.attributes
                0x00000647       0x34 /opt/xpack-riscv-none-elf-gcc-13.3.0-2/bin/../lib/gcc/riscv-none-elf/13.3.0/../../../../riscv-none-elf/lib/rv32ia/ilp32/libg_nano.a(libc_a-lseekr.o)
 .riscv.attributes
                0x0000067b       0x34 /opt/xpack-riscv-none-elf-gcc-13.3.0-2/bin/../lib/gcc/riscv-none-elf/13.3.0/../../../../riscv-none-elf/lib/rv32ia/ilp32/libg_nano.a(libc_a-readr.o)
 .riscv.attributes
                0x000006af       0x34 /opt/xpack-riscv-none-elf-gcc-13.3.0-2/bin/../lib/gcc/riscv-none-elf/13.3.0/../../../../riscv-none-elf/lib/rv32ia/ilp32/libg_nano.a(libc_a-writer.o)
 .riscv.attributes
                0x000006e3       0x34 /opt/xpack-riscv-none-elf-gcc-13.3.0-2/bin/../lib/gcc/riscv-none-elf/13.3.0/../../../../riscv-none-elf/lib/rv32ia/ilp32/libg_nano.a(libc_a-init.o)
 .riscv.attributes
                0x00000717       0x34 /opt/xpack-riscv-none-elf-gcc-13.3.0-2/bin/../lib/gcc/riscv-none-elf/13.3.0/../../../../riscv-none-elf/lib/rv32ia/ilp32/libg_nano.a(libc_a-fini.o)
 .riscv.attributes
                0x0000074b       0x34 /opt/xpack-riscv-none-elf-gcc-13.3.0-2/bin/../lib/gcc/riscv-none-elf/13.3.0/../../../../riscv-none-elf/lib/rv32ia/ilp32/libg_nano.a(libc_a-lock.o)
 .riscv.attributes
                0x0000077f       0x34 /opt/xpack-riscv-none-elf-gcc-13.3.0-2/bin/../lib/gcc/riscv-none-elf/13.3.0/../../../../riscv-none-elf/lib/rv32ia/ilp32/libg_nano.a(libc_a-sysisatty.o)
 .riscv.attributes
                0x000007b3       0x34 /opt/xpack-riscv-none-elf-gcc-13.3.0-2/bin/../lib/gcc/riscv-none-elf/13.3.0/../../../../riscv-none-elf/lib/rv32ia/ilp32/libg_nano.a(libc_a-syswrite.o)
 .riscv.attributes
                0x000007e7       0x32 /opt/xpack-riscv-none-elf-gcc-13.3.0-2/bin/../lib/gcc/riscv-none-elf/13.3.0/../../../../riscv-none-elf/lib/rv32ia/ilp32/libg_nano.a(libc_a-memset.o)
 .riscv.attributes
                0x00000819       0x34 /opt/xpack-riscv-none-elf-gcc-13.3.0-2/bin/../lib/gcc/riscv-none-elf/13.3.0/../../../../riscv-none-elf/lib/rv32ia/ilp32/libg_nano.a(libc_a-__atexit.o)
 .riscv.attributes
                0x0000084d       0x34 /opt/xpack-riscv-none-elf-gcc-13.3.0-2/bin/../lib/gcc/riscv-none-elf/13.3.0/../../../../riscv-none-elf/lib/rv32ia/ilp32/libg_nano.a(libc_a-__call_atexit.o)
 .riscv.attributes
                0x00000881       0x34 /opt/xpack-riscv-none-elf-gcc-13.3.0-2/bin/../lib/gcc/riscv-none-elf/13.3.0/../../../../riscv-none-elf/lib/rv32ia/ilp32/libg_nano.a(libc_a-freer.o)
 .riscv.attributes
                0x000008b5       0x34 /opt/xpack-riscv-none-elf-gcc-13.3.0-2/bin/../lib/gcc/riscv-none-elf/13.3.0/../../../../riscv-none-elf/lib/rv32ia/ilp32/libg_nano.a(libc_a-mallocr.o)
 .riscv.attributes
                0x000008e9       0x34 /opt/xpack-riscv-none-elf-gcc-13.3.0-2/bin/../lib/gcc/riscv-none-elf/13.3.0/../../../../riscv-none-elf/lib/rv32ia/ilp32/libg_nano.a(libc_a-mlock.o)
 .riscv.attributes
                0x0000091d       0x34 /opt/xpack-riscv-none-elf-gcc-13.3.0-2/bin/../lib/gcc/riscv-none-elf/13.3.0/../../../../riscv-none-elf/lib/rv32ia/ilp32/libg_nano.a(libc_a-nano-vfprintf.o)
 .riscv.attributes
                0x00000951       0x34 /opt/xpack-riscv-none-elf-gcc-13.3.0-2/bin/../lib/gcc/riscv-none-elf/13.3.0/../../../../riscv-none-elf/lib/rv32ia/ilp32/libg_nano.a(libc_a-nano-vfprintf_i.o)
 .riscv.attributes
                0x00000985       0x34 /opt/xpack-riscv-none-elf-gcc-13.3.0-2/bin/../lib/gcc/riscv-none-elf/13.3.0/../../../../riscv-none-elf/lib/rv32ia/ilp32/libg_nano.a(libc_a-fflush.o)
 .riscv.attributes
                0x000009b9       0x34 /opt/xpack-riscv-none-elf-gcc-13.3.0-2/bin/../lib/gcc/riscv-none-elf/13.3.0/../../../../riscv-none-elf/lib/rv32ia/ilp32/libg_nano.a(libc_a-makebuf.o)
 .riscv.attributes
                0x000009ed       0x34 /opt/xpack-riscv-none-elf-gcc-13.3.0-2/bin/../lib/gcc/riscv-none-elf/13.3.0/../../../../riscv-none-elf/lib/rv32ia/ilp32/libg_nano.a(libc_a-memchr.o)
 .riscv.attributes
                0x00000a21       0x34 /opt/xpack-riscv-none-elf-gcc-13.3.0-2/bin/../lib/gcc/riscv-none-elf/13.3.0/../../../../riscv-none-elf/lib/rv32ia/ilp32/libg_nano.a(libc_a-fstatr.o)
 .riscv.attributes
                0x00000a55       0x34 /opt/xpack-riscv-none-elf-gcc-13.3.0-2/bin/../lib/gcc/riscv-none-elf/13.3.0/../../../../riscv-none-elf/lib/rv32ia/ilp32/libg_nano.a(libc_a-isattyr.o)
 .riscv.attributes
                0x00000a89       0x34 /opt/xpack-riscv-none-elf-gcc-13.3.0-2/bin/../lib/gcc/riscv-none-elf/13.3.0/../../../../riscv-none-elf/lib/rv32ia/ilp32/libg_nano.a(libc_a-sbrkr.o)
 .riscv.attributes
                0x00000abd       0x32 /opt/xpack-riscv-none-elf-gcc-13.3.0-2/bin/../lib/gcc/riscv-none-elf/13.3.0/rv32ia/ilp32/libgcc.a(div.o)

.debug_frame    0x00000000      0x2b4
 .debug_frame   0x00000000       0x2c ./src/bsp/hbird-e200/stubs/_exit.o
 .debug_frame   0x0000002c       0x20 ./src/bsp/hbird-e200/stubs/close.o
 .debug_frame   0x0000004c       0x34 ./src/bsp/hbird-e200/stubs/fstat.o
 .debug_frame   0x00000080       0x20 ./src/bsp/hbird-e200/stubs/isatty.o
 .debug_frame   0x000000a0       0x2c ./src/bsp/hbird-e200/stubs/lseek.o
 .debug_frame   0x000000cc       0x20 ./src/bsp/hbird-e200/stubs/read.o
 .debug_frame   0x000000ec       0x20 ./src/bsp/hbird-e200/stubs/sbrk.o
 .debug_frame   0x0000010c       0x38 ./src/bsp/hbird-e200/stubs/write.o
 .debug_frame   0x00000144       0x48 ./src/bsp/hbird-e200/stubs/write_hex.o
 .debug_frame   0x0000018c       0xfc ./src/bsp/hbird-e200/env/init.o
 .debug_frame   0x00000288       0x2c ./src/main.o
